interactions:
- request:
    body: null
    headers:
      Accept:
      - '*/*'
      Accept-Encoding:
      - gzip, deflate
      Connection:
      - keep-alive
      User-Agent:
      - python-requests/2.28.1 habanero/1.2.2
      X-USER-AGENT:
      - python-requests/2.28.1 habanero/1.2.2
    method: GET
    uri: https://api.crossref.org/prefixes?filter=has-full-text%3Atrue
  response:
    body:
      string: '{"status":"error","message-type":"route-not-found","message-version":"1.0.0","message":"Route
        not found"}'
    headers:
      access-control-allow-headers:
      - X-Requested-With, Accept, Accept-Encoding, Accept-Charset, Accept-Language,
        Accept-Ranges, Cache-Control
      access-control-allow-origin:
      - '*'
      access-control-expose-headers:
      - Link
      connection:
      - close
      content-type:
      - application/json
      date:
      - Sat, 26 Nov 2022 16:15:09 GMT
      permissions-policy:
      - interest-cohort=()
      server:
      - Jetty(9.4.40.v20210413)
      transfer-encoding:
      - chunked
      x-api-pool:
      - public
      x-rate-limit-interval:
      - 1s
      x-rate-limit-limit:
      - '50'
      x-ratelimit-interval:
      - 1s
      x-ratelimit-limit:
      - '50'
    status:
      code: 404
      message: Not Found
- request:
    body: null
    headers:
      Accept:
      - '*/*'
      Accept-Encoding:
      - gzip, deflate
      Connection:
      - keep-alive
      User-Agent:
      - python-requests/2.28.1 habanero/1.2.2
      X-USER-AGENT:
      - python-requests/2.28.1 habanero/1.2.2
    method: GET
    uri: https://api.crossref.org/prefixes?filter=has-full-text%3Atrue
  response:
    body:
      string: '{"status":"error","message-type":"route-not-found","message-version":"1.0.0","message":"Route
        not found"}'
    headers:
      access-control-allow-headers:
      - X-Requested-With, Accept, Accept-Encoding, Accept-Charset, Accept-Language,
        Accept-Ranges, Cache-Control
      access-control-allow-origin:
      - '*'
      access-control-expose-headers:
      - Link
      connection:
      - close
      content-type:
      - application/json
      date:
      - Sat, 26 Nov 2022 16:21:38 GMT
      permissions-policy:
      - interest-cohort=()
      server:
      - Jetty(9.4.40.v20210413)
      transfer-encoding:
      - chunked
      x-api-pool:
      - public
      x-rate-limit-interval:
      - 1s
      x-rate-limit-limit:
      - '50'
      x-ratelimit-interval:
      - 1s
      x-ratelimit-limit:
      - '50'
    status:
      code: 404
      message: Not Found
- request:
    body: null
    headers:
      Accept:
      - '*/*'
      Accept-Encoding:
      - gzip, deflate
      Connection:
      - keep-alive
      User-Agent:
      - python-requests/2.28.1 talbot/0.1.0 (mailto:info@front-matter.io)
      X-USER-AGENT:
      - python-requests/2.28.1 talbot/0.1.0 (mailto:info@front-matter.io)
    method: GET
    uri: https://api.crossref.org/prefixes?filter=has-full-text%3Atrue
  response:
    body:
      string: '{"status":"error","message-type":"route-not-found","message-version":"1.0.0","message":"Route
        not found"}'
    headers:
      access-control-allow-headers:
      - X-Requested-With, Accept, Accept-Encoding, Accept-Charset, Accept-Language,
        Accept-Ranges, Cache-Control
      access-control-allow-origin:
      - '*'
      access-control-expose-headers:
      - Link
      connection:
      - close
      content-type:
      - application/json
      date:
      - Sat, 26 Nov 2022 16:32:49 GMT
      permissions-policy:
      - interest-cohort=()
      server:
      - Jetty(9.4.40.v20210413)
      set-cookie:
      - AWSALB=GtoxupSn9Vk1ORiA17+kEpy5poLR0oUH9OdWjecxr4m/9x3Mbr09j838CQGlCSj/BIwlKxheO65l5nDm7/eWQH9zFUREozhuIYz5Gjv5X1IcrpA3pk+CBBC7c5fN;
        Expires=Sat, 03 Dec 2022 16:32:49 GMT; Path=/
      - AWSALBCORS=GtoxupSn9Vk1ORiA17+kEpy5poLR0oUH9OdWjecxr4m/9x3Mbr09j838CQGlCSj/BIwlKxheO65l5nDm7/eWQH9zFUREozhuIYz5Gjv5X1IcrpA3pk+CBBC7c5fN;
        Expires=Sat, 03 Dec 2022 16:32:49 GMT; Path=/; SameSite=None
      transfer-encoding:
      - chunked
      x-api-pool:
      - polite
      x-rate-limit-interval:
      - 1s
      x-rate-limit-limit:
      - '50'
      x-ratelimit-interval:
      - 1s
      x-ratelimit-limit:
      - '50'
    status:
      code: 404
      message: Not Found
version: 1
