interactions:
- request:
    body: null
    headers:
      Accept:
      - '*/*'
      Accept-Encoding:
      - gzip, deflate
      Connection:
      - keep-alive
      User-Agent:
      - python-requests/2.28.1 habanero/1.2.2
      X-USER-AGENT:
      - python-requests/2.28.1 habanero/1.2.2
    method: GET
    uri: https://api.crossref.org/journals?offset=things
  response:
    body:
      string: '{"status":"error","message-type":"exception","message-version":"1.0.0","message":{"name":"class
        java.lang.NullPointerException","description":"java.lang.NullPointerException","message":null,"stack":[],"cause":null}}'
    headers:
      connection:
      - close
      content-type:
      - application/json
      date:
      - Fri, 25 Nov 2022 11:22:59 GMT
      exception-name:
      - class java.lang.NullPointerException
      permissions-policy:
      - interest-cohort=()
      server:
      - Jetty(9.4.40.v20210413)
      transfer-encoding:
      - chunked
      x-api-pool:
      - public
      x-rate-limit-interval:
      - 1s
      x-rate-limit-limit:
      - '50'
      x-ratelimit-interval:
      - 1s
      x-ratelimit-limit:
      - '50'
    status:
      code: 500
      message: Server Error
- request:
    body: null
    headers:
      Accept:
      - '*/*'
      Accept-Encoding:
      - gzip, deflate
      Connection:
      - keep-alive
      User-Agent:
      - python-requests/2.28.1 habanero/1.2.2
      X-USER-AGENT:
      - python-requests/2.28.1 habanero/1.2.2
    method: GET
    uri: https://api.crossref.org/journals?offset=things
  response:
    body:
      string: '{"status":"error","message-type":"exception","message-version":"1.0.0","message":{"name":"class
        java.lang.NullPointerException","description":"java.lang.NullPointerException","message":null,"stack":[],"cause":null}}'
    headers:
      connection:
      - close
      content-type:
      - application/json
      date:
      - Fri, 25 Nov 2022 11:34:49 GMT
      exception-name:
      - class java.lang.NullPointerException
      permissions-policy:
      - interest-cohort=()
      server:
      - Jetty(9.4.40.v20210413)
      transfer-encoding:
      - chunked
      x-api-pool:
      - public
      x-rate-limit-interval:
      - 1s
      x-rate-limit-limit:
      - '50'
      x-ratelimit-interval:
      - 1s
      x-ratelimit-limit:
      - '50'
    status:
      code: 500
      message: Server Error
- request:
    body: null
    headers:
      Accept:
      - '*/*'
      Accept-Encoding:
      - gzip, deflate
      Connection:
      - keep-alive
      User-Agent:
      - python-requests/2.28.1 habanero/1.2.2
      X-USER-AGENT:
      - python-requests/2.28.1 habanero/1.2.2
    method: GET
    uri: https://api.crossref.org/journals?offset=things
  response:
    body:
      string: '{"status":"error","message-type":"exception","message-version":"1.0.0","message":{"name":"class
        java.lang.NullPointerException","description":"java.lang.NullPointerException","message":null,"stack":[],"cause":null}}'
    headers:
      connection:
      - close
      content-type:
      - application/json
      date:
      - Fri, 25 Nov 2022 11:48:48 GMT
      exception-name:
      - class java.lang.NullPointerException
      permissions-policy:
      - interest-cohort=()
      server:
      - Jetty(9.4.40.v20210413)
      transfer-encoding:
      - chunked
      x-api-pool:
      - public
      x-rate-limit-interval:
      - 1s
      x-rate-limit-limit:
      - '50'
      x-ratelimit-interval:
      - 1s
      x-ratelimit-limit:
      - '50'
    status:
      code: 500
      message: Server Error
- request:
    body: null
    headers:
      Accept:
      - '*/*'
      Accept-Encoding:
      - gzip, deflate
      Connection:
      - keep-alive
      User-Agent:
      - python-requests/2.28.1 habanero/1.2.2
      X-USER-AGENT:
      - python-requests/2.28.1 habanero/1.2.2
    method: GET
    uri: https://api.crossref.org/journals?offset=things
  response:
    body:
      string: '{"status":"error","message-type":"exception","message-version":"1.0.0","message":{"name":"class
        java.lang.NullPointerException","description":"java.lang.NullPointerException","message":null,"stack":[],"cause":null}}'
    headers:
      connection:
      - close
      content-type:
      - application/json
      date:
      - Fri, 25 Nov 2022 12:17:17 GMT
      exception-name:
      - class java.lang.NullPointerException
      permissions-policy:
      - interest-cohort=()
      server:
      - Jetty(9.4.40.v20210413)
      transfer-encoding:
      - chunked
      x-api-pool:
      - public
      x-rate-limit-interval:
      - 1s
      x-rate-limit-limit:
      - '50'
      x-ratelimit-interval:
      - 1s
      x-ratelimit-limit:
      - '50'
    status:
      code: 500
      message: Server Error
- request:
    body: null
    headers:
      Accept:
      - '*/*'
      Accept-Encoding:
      - gzip, deflate
      Connection:
      - keep-alive
      User-Agent:
      - python-requests/2.28.1 habanero/1.2.2
      X-USER-AGENT:
      - python-requests/2.28.1 habanero/1.2.2
    method: GET
    uri: https://api.crossref.org/journals?offset=things
  response:
    body:
      string: '{"status":"error","message-type":"exception","message-version":"1.0.0","message":{"name":"class
        java.lang.NullPointerException","description":"java.lang.NullPointerException","message":null,"stack":[],"cause":null}}'
    headers:
      connection:
      - close
      content-type:
      - application/json
      date:
      - Fri, 25 Nov 2022 12:23:55 GMT
      exception-name:
      - class java.lang.NullPointerException
      permissions-policy:
      - interest-cohort=()
      server:
      - Jetty(9.4.40.v20210413)
      transfer-encoding:
      - chunked
      x-api-pool:
      - public
      x-rate-limit-interval:
      - 1s
      x-rate-limit-limit:
      - '50'
      x-ratelimit-interval:
      - 1s
      x-ratelimit-limit:
      - '50'
    status:
      code: 500
      message: Server Error
- request:
    body: null
    headers:
      Accept:
      - '*/*'
      Accept-Encoding:
      - gzip, deflate
      Connection:
      - keep-alive
      User-Agent:
      - python-requests/2.28.1 habanero/1.2.2
      X-USER-AGENT:
      - python-requests/2.28.1 habanero/1.2.2
    method: GET
    uri: https://api.crossref.org/journals?offset=things
  response:
    body:
      string: '{"status":"error","message-type":"exception","message-version":"1.0.0","message":{"name":"class
        java.lang.NullPointerException","description":"java.lang.NullPointerException","message":null,"stack":[],"cause":null}}'
    headers:
      connection:
      - close
      content-type:
      - application/json
      date:
      - Fri, 25 Nov 2022 14:16:02 GMT
      exception-name:
      - class java.lang.NullPointerException
      permissions-policy:
      - interest-cohort=()
      server:
      - Jetty(9.4.40.v20210413)
      transfer-encoding:
      - chunked
      x-api-pool:
      - public
      x-rate-limit-interval:
      - 1s
      x-rate-limit-limit:
      - '50'
      x-ratelimit-interval:
      - 1s
      x-ratelimit-limit:
      - '50'
    status:
      code: 500
      message: Server Error
version: 1
