interactions:
- request:
    body: null
    headers:
      Accept:
      - '*/*'
      Accept-Encoding:
      - gzip, deflate
      Connection:
      - keep-alive
      User-Agent:
      - python-requests/2.28.1 habanero/1.2.2
      X-USER-AGENT:
      - python-requests/2.28.1 habanero/1.2.2
    method: GET
    uri: https://api.crossref.org/members/98?query.author=carl+boettiger
  response:
    body:
      string: '{"status":"failed","message-type":"validation-failure","message":[{"type":"parameter-not-allowed","value":"query.*","message":"This
        route does not support field query parameters"}]}'
    headers:
      access-control-allow-headers:
      - X-Requested-With, Accept, Accept-Encoding, Accept-Charset, Accept-Language,
        Accept-Ranges, Cache-Control
      access-control-allow-origin:
      - '*'
      access-control-expose-headers:
      - Link
      connection:
      - close
      content-type:
      - application/json;charset=utf-8
      date:
      - Sat, 26 Nov 2022 16:14:33 GMT
      permissions-policy:
      - interest-cohort=()
      server:
      - Jetty(9.4.40.v20210413)
      transfer-encoding:
      - chunked
      vary:
      - Accept
      x-api-pool:
      - public
      x-rate-limit-interval:
      - 1s
      x-rate-limit-limit:
      - '50'
      x-ratelimit-interval:
      - 1s
      x-ratelimit-limit:
      - '50'
    status:
      code: 400
      message: Bad Request
- request:
    body: null
    headers:
      Accept:
      - '*/*'
      Accept-Encoding:
      - gzip, deflate
      Connection:
      - keep-alive
      User-Agent:
      - python-requests/2.28.1 habanero/1.2.2
      X-USER-AGENT:
      - python-requests/2.28.1 habanero/1.2.2
    method: GET
    uri: https://api.crossref.org/members/98?query.author=carl+boettiger
  response:
    body:
      string: '{"status":"failed","message-type":"validation-failure","message":[{"type":"parameter-not-allowed","value":"query.*","message":"This
        route does not support field query parameters"}]}'
    headers:
      access-control-allow-headers:
      - X-Requested-With, Accept, Accept-Encoding, Accept-Charset, Accept-Language,
        Accept-Ranges, Cache-Control
      access-control-allow-origin:
      - '*'
      access-control-expose-headers:
      - Link
      connection:
      - close
      content-type:
      - application/json;charset=utf-8
      date:
      - Sat, 26 Nov 2022 16:21:28 GMT
      permissions-policy:
      - interest-cohort=()
      server:
      - Jetty(9.4.40.v20210413)
      transfer-encoding:
      - chunked
      vary:
      - Accept
      x-api-pool:
      - public
      x-rate-limit-interval:
      - 1s
      x-rate-limit-limit:
      - '50'
      x-ratelimit-interval:
      - 1s
      x-ratelimit-limit:
      - '50'
    status:
      code: 400
      message: Bad Request
- request:
    body: null
    headers:
      Accept:
      - '*/*'
      Accept-Encoding:
      - gzip, deflate
      Connection:
      - keep-alive
      User-Agent:
      - python-requests/2.28.1 talbot/0.1.0 (mailto:info@front-matter.io)
      X-USER-AGENT:
      - python-requests/2.28.1 talbot/0.1.0 (mailto:info@front-matter.io)
    method: GET
    uri: https://api.crossref.org/members/98?query.author=carl+boettiger
  response:
    body:
      string: '{"status":"failed","message-type":"validation-failure","message":[{"type":"parameter-not-allowed","value":"query.*","message":"This
        route does not support field query parameters"}]}'
    headers:
      access-control-allow-headers:
      - X-Requested-With, Accept, Accept-Encoding, Accept-Charset, Accept-Language,
        Accept-Ranges, Cache-Control
      access-control-allow-origin:
      - '*'
      access-control-expose-headers:
      - Link
      connection:
      - close
      content-type:
      - application/json;charset=utf-8
      date:
      - Sat, 26 Nov 2022 16:31:52 GMT
      permissions-policy:
      - interest-cohort=()
      server:
      - Jetty(9.4.40.v20210413)
      set-cookie:
      - AWSALB=gMcMz3D0X6hPrK/PWhcDiCS7ZH8lVAuEptp50p5aR+uIoFsBDvREgd2G9IasyAImzNtHKnZ4DXT53ew0juaBLcYbn9i6hy35IZTs9v9syTBDMrdQwT8kKztp+nHP;
        Expires=Sat, 03 Dec 2022 16:31:52 GMT; Path=/
      - AWSALBCORS=gMcMz3D0X6hPrK/PWhcDiCS7ZH8lVAuEptp50p5aR+uIoFsBDvREgd2G9IasyAImzNtHKnZ4DXT53ew0juaBLcYbn9i6hy35IZTs9v9syTBDMrdQwT8kKztp+nHP;
        Expires=Sat, 03 Dec 2022 16:31:52 GMT; Path=/; SameSite=None
      transfer-encoding:
      - chunked
      vary:
      - Accept
      x-api-pool:
      - polite
      x-rate-limit-interval:
      - 1s
      x-rate-limit-limit:
      - '50'
      x-ratelimit-interval:
      - 1s
      x-ratelimit-limit:
      - '50'
    status:
      code: 400
      message: Bad Request
version: 1
